// Vitest Snapshot v1, https://vitest.dev/guide/snapshot.html

exports[`<TeaListPage /> > renders consistently 1`] = `
<DocumentFragment>
  <div
    class="ion-page"
  >
    <ion-header
      translucent="true"
    >
      <!---->
      <ion-toolbar>
        <ion-title>
          Tea
        </ion-title>
      </ion-toolbar>
    </ion-header>
    <ion-content
      class="main-content"
      fullscreen="true"
    >
      <ion-header
        collapse="condense"
      >
        <!---->
        <ion-toolbar>
          <ion-title
            size="large"
          >
            Tea
          </ion-title>
        </ion-toolbar>
      </ion-header>
      <ion-grid
        class="tea-grid"
      >
        <ion-row
          class="ion-align-items-stretch"
        >
          <ion-col
            size="12"
            size-md="6"
            size-xl="3"
          >
            <ion-card>
              <ion-img
                src="/assets/images/green.jpg"
              />
              <ion-card-header>
                <ion-card-title>
                  Green
                </ion-card-title>
              </ion-card-header>
              <ion-card-content>
                Green teas have the oxidation process stopped very early on, leaving them with a very subtle flavor and complex undertones. These teas should be steeped at lower temperatures for shorter periods of time.
              </ion-card-content>
            </ion-card>
          </ion-col>
          <ion-col
            size="12"
            size-md="6"
            size-xl="3"
          >
            <ion-card>
              <ion-img
                src="/assets/images/black.jpg"
              />
              <ion-card-header>
                <ion-card-title>
                  Black
                </ion-card-title>
              </ion-card-header>
              <ion-card-content>
                A fully oxidized tea, black teas have a dark color and a full robust and pronounced flavor. Black teas tend to have a higher caffeine content than other teas.
              </ion-card-content>
            </ion-card>
          </ion-col>
          <ion-col
            size="12"
            size-md="6"
            size-xl="3"
          >
            <ion-card>
              <ion-img
                src="/assets/images/herbal.jpg"
              />
              <ion-card-header>
                <ion-card-title>
                  Herbal
                </ion-card-title>
              </ion-card-header>
              <ion-card-content>
                Herbal infusions are not actually "tea" but are more accurately characterized as infused beverages consisting of various dried herbs, spices, and fruits.
              </ion-card-content>
            </ion-card>
          </ion-col>
          <ion-col
            size="12"
            size-md="6"
            size-xl="3"
          >
            <ion-card>
              <ion-img
                src="/assets/images/oolong.jpg"
              />
              <ion-card-header>
                <ion-card-title>
                  Oolong
                </ion-card-title>
              </ion-card-header>
              <ion-card-content>
                Oolong teas are partially oxidized, giving them a flavor that is not as robust as black teas but also not as subtle as green teas. Oolong teas often have a flowery fragrance.
              </ion-card-content>
            </ion-card>
          </ion-col>
        </ion-row>
        <ion-row
          class="ion-align-items-stretch"
        >
          <ion-col
            size="12"
            size-md="6"
            size-xl="3"
          >
            <ion-card>
              <ion-img
                src="/assets/images/dark.jpg"
              />
              <ion-card-header>
                <ion-card-title>
                  Dark
                </ion-card-title>
              </ion-card-header>
              <ion-card-content>
                From the Hunan and Sichuan provinces of China, dark teas are flavorful aged probiotic teas that steeps up very smooth with slightly sweet notes.
              </ion-card-content>
            </ion-card>
          </ion-col>
          <ion-col
            size="12"
            size-md="6"
            size-xl="3"
          >
            <ion-card>
              <ion-img
                src="/assets/images/puer.jpg"
              />
              <ion-card-header>
                <ion-card-title>
                  Puer
                </ion-card-title>
              </ion-card-header>
              <ion-card-content>
                An aged black tea from china. Puer teas have a strong rich flavor that could be described as "woody" or "peaty."
              </ion-card-content>
            </ion-card>
          </ion-col>
          <ion-col
            size="12"
            size-md="6"
            size-xl="3"
          >
            <ion-card>
              <ion-img
                src="/assets/images/white.jpg"
              />
              <ion-card-header>
                <ion-card-title>
                  White
                </ion-card-title>
              </ion-card-header>
              <ion-card-content>
                White tea is produced using very young shoots with no oxidation process. White tea has an extremely delicate flavor that is sweet and fragrant. White tea should be steeped at lower temperatures for short periods of time.
              </ion-card-content>
            </ion-card>
          </ion-col>
        </ion-row>
      </ion-grid>
    </ion-content>
  </div>
</DocumentFragment>
`;
